// Jest Snapshot v1, https://goo.gl/fbAQLP

exports[`Layout Should renders Layout component 1`] = `
<div>
  <main
    class="sc-bdnxRM bulqJ"
  />
</div>
`;

exports[`Layout Should renders a children element 1`] = `
<div>
  <main
    class="sc-bdnxRM bulqJ"
  >
    <p>
      Hello world!
    </p>
  </main>
</div>
`;
